nftset=/tiktok.com/4#inet#fw4#vpn_domains
nftset=/rule34video.com/4#inet#fw4#vpn_domains
nftset=/rule34.xxx/4#inet#fw4#vpn_domains
nftset=/hentaichan.live/4#inet#fw4#vpn_domains
nftset=/bunkrr.su/4#inet#fw4#vpn_domains
nftset=/jpg4.su/4#inet#fw4#vpn_domains
nftset=/spankbang.com/4#inet#fw4#vpn_domains
nftset=/rutracker.cc/4#inet#fw4#vpn_domains
nftset=/steamos.cloud/4#inet#fw4#vpn_domains
nftset=/wimg.rule34.xxx/4#inet#fw4#vpn_domains
nftset=/bunkr-cache.se/4#inet#fw4#vpn_domains
nftset=/bunkr.media/4#inet#fw4#vpn_domains
nftset=/camwhores.tv/4#inet#fw4#vpn_domains
nftset=/coomer.su/4#inet#fw4#vpn_domains
nftset=/we.tl/4#inet#fw4#vpn_domains
nftset=/tracker.openbittorrent.com/4#inet#fw4#vpn_domains
nftset=/tracker.opentrackr.org/4#inet#fw4#vpn_domains
nftset=/henchan.pro/4#inet#fw4#vpn_domains
nftset=/microsoftonline.com/4#inet#fw4#vpn_domains
nftset=/avaamo.com/4#inet#fw4#vpn_domains
nftset=/e-hentai.org/4#inet#fw4#vpn_domains
nftset=/ehtracker.org/4#inet#fw4#vpn_domains
nftset=/yt3.ggpht.com/4#inet#fw4#vpn_domains
nftset=/exhentai.org/4#inet#fw4#vpn_domains
nftset=/attachments.f95zone.to/4#inet#fw4#vpn_domains
nftset=/catbox.moe/4#inet#fw4#vpn_domains
nftset=/imhentai.xxx/4#inet#fw4#vpn_domains
nftset=/eporner.com/4#inet#fw4#vpn_domains
nftset=/erome.com/4#inet#fw4#vpn_domains
nftset=/thatpervert.com/4#inet#fw4#vpn_domains