nftset=/tiktok.com/4#inet#fw4#vpn_domains
nftset=/rule34video.com/4#inet#fw4#vpn_domains
nftset=/rule34.xxx/4#inet#fw4#vpn_domains
nftset=/hentaichan.live/4#inet#fw4#vpn_domains
nftset=/bunkrr.su/4#inet#fw4#vpn_domains
nftset=/jpg4.su/4#inet#fw4#vpn_domains
nftset=/spankbang.com/4#inet#fw4#vpn_domains
nftset=/rutracker.cc/4#inet#fw4#vpn_domains
nftset=/wimg.rule34.xxx/4#inet#fw4#vpn_domains
nftset=/bunkr-cache.se/4#inet#fw4#vpn_domains
nftset=/bunkr.media/4#inet#fw4#vpn_domains
nftset=/camwhores.tv/4#inet#fw4#vpn_domains
nftset=/we.tl/4#inet#fw4#vpn_domains
nftset=/tracker.openbittorrent.com/4#inet#fw4#vpn_domains
nftset=/tracker.opentrackr.org/4#inet#fw4#vpn_domains
nftset=/henchan.pro/4#inet#fw4#vpn_domains
nftset=/microsoftonline.com/4#inet#fw4#vpn_domains
nftset=/avaamo.com/4#inet#fw4#vpn_domains
nftset=/e-hentai.org/4#inet#fw4#vpn_domains
nftset=/ehtracker.org/4#inet#fw4#vpn_domains
nftset=/yt3.ggpht.com/4#inet#fw4#vpn_domains
nftset=/exhentai.org/4#inet#fw4#vpn_domains
nftset=/attachments.f95zone.to/4#inet#fw4#vpn_domains
nftset=/catbox.moe/4#inet#fw4#vpn_domains
nftset=/imhentai.xxx/4#inet#fw4#vpn_domains
nftset=/eporner.com/4#inet#fw4#vpn_domains
nftset=/erome.com/4#inet#fw4#vpn_domains
nftset=/thatpervert.com/4#inet#fw4#vpn_domains
nftset=/namethatpornstar.com/4#inet#fw4#vpn_domains
nftset=/mikrotik.com/4#inet#fw4#vpn_domains
nftset=/youtube.com/4#inet#fw4#vpn_domains
nftset=/googlevideo.com/4#inet#fw4#vpn_domains
nftset=/ntc.party/4#inet#fw4#vpn_domains
nftset=/play.google.com/4#inet#fw4#vpn_domains
nftset=/googleapis.com/4#inet#fw4#vpn_domains
nftset=/googleusercontent.com/4#inet#fw4#vpn_domains
nftset=/googleapis.cn/4#inet#fw4#vpn_domains
nftset=/gstatic.com/4#inet#fw4#vpn_domains
nftset=/xn--ngstr-lra8j.com/4#inet#fw4#vpn_domains
nftset=/ytimg.com/4#inet#fw4#vpn_domains
nftset=/gvt2.com/4#inet#fw4#vpn_domains
nftset=/cdninstagram.com/4#inet#fw4#vpn_domains
nftset=/b-cdn.net/4#inet#fw4#vpn_domains
nftset=/nude-moon.org/4#inet#fw4#vpn_domains
nftset=/cambro.tv/4#inet#fw4#vpn_domains
nftset=/camwhores.video/4#inet#fw4#vpn_domains
nftset=/cdn.toongod.org/4#inet#fw4#vpn_domains
nftset=/paheal.net/4#inet#fw4#vpn_domains
nftset=/paheal-cdn.net/4#inet#fw4#vpn_domains
nftset=/discord.gg/4#inet#fw4#vpn_domains
nftset=/discordapp.com/4#inet#fw4#vpn_domains
nftset=/discord.com/4#inet#fw4#vpn_domains
nftset=/discord.media/4#inet#fw4#vpn_domains
nftset=/sentry.io/4#inet#fw4#vpn_domains
nftset=/frankerfacez.com/4#inet#fw4#vpn_domains
nftset=/akamai.net/4#inet#fw4#vpn_domains
nftset=/nvidia.com/4#inet#fw4#vpn_domains
nftset=/dtf.ru/4#inet#fw4#vpn_domains
nftset=/coomer.su/4#inet#fw4#vpn_domains
nftset=/fapreactor.com/4#inet#fw4#vpn_domains
nftset=/frankerfacez.com/4#inet#fw4#vpn_domains
nftset=/yeggi.com/4#inet#fw4#vpn_domains
nftset=/7tv.app/4#inet#fw4#vpn_domains
nftset=/vsean.net/4#inet#fw4#vpn_domains
nftset=/bunkr-cache.se/4#inet#fw4#vpn_domains
nftset=/pki.goog/4#inet#fw4#vpn_domains
nftset=/babepedia.com/4#inet#fw4#vpn_domains
nftset=/fakku.net/4#inet#fw4#vpn_domains
nftset=/imgschan.xyz/4#inet#fw4#vpn_domains
nftset=/p2p-fra2.discovery.steamserver.net/4#inet#fw4#vpn_domains
nftset=/h-chan.me/4#inet#fw4#vpn_domains
nftset=/st.com/4#inet#fw4#vpn_domains
nftset=/brokenarrowgame.tech/4#inet#fw4#vpn_domains
nftset=/signin.aws.amazon.com/4#inet#fw4#vpn_domains
nftset=/cloudfront.net/4#inet#fw4#vpn_domains
nftset=/s3.amazonaws.com/4#inet#fw4#vpn_domains
nftset=/awsstatic.com/4#inet#fw4#vpn_domains
nftset=/console.aws.a2z.com/4#inet#fw4#vpn_domains
nftset=/amazonaws.com/4#inet#fw4#vpn_domains
nftset=/awsapps.com/4#inet#fw4#vpn_domains
nftset=/sso.amazonaws.com/4#inet#fw4#vpn_domains
nftset=/cloudfront.net/4#inet#fw4#vpn_domains
nftset=/deadbydaylight.com/4#inet#fw4#vpn_domains
nftset=/deadbydaylight.fandom.com/4#inet#fw4#vpn_domains
nftset=/argotunnel.com/4#inet#fw4#vpn_domains
nftset=/cfargotunnel.com/4#inet#fw4#vpn_domains
nftset=/cfl.re/4#inet#fw4#vpn_domains
nftset=/cloudflare-dns.com/4#inet#fw4#vpn_domains
nftset=/cloudflare-ech.com/4#inet#fw4#vpn_domains
nftset=/cloudflare-esni.com/4#inet#fw4#vpn_domains
nftset=/cloudflare-gateway.com/4#inet#fw4#vpn_domains
nftset=/cloudflare-quic.com/4#inet#fw4#vpn_domains
nftset=/cloudflare.com/4#inet#fw4#vpn_domains
nftset=/cloudflare.net/4#inet#fw4#vpn_domains
nftset=/cloudflare.tv/4#inet#fw4#vpn_domains
nftset=/cloudflareaccess.com/4#inet#fw4#vpn_domains
nftset=/cloudflareapps.com/4#inet#fw4#vpn_domains
nftset=/cloudflarebolt.com/4#inet#fw4#vpn_domains
nftset=/cloudflareclient.com/4#inet#fw4#vpn_domains
nftset=/cloudflareinsights.com/4#inet#fw4#vpn_domains
nftset=/cloudflareok.com/4#inet#fw4#vpn_domains
nftset=/cloudflarepartners.com/4#inet#fw4#vpn_domains
nftset=/cloudflareportal.com/4#inet#fw4#vpn_domains
nftset=/cloudflarepreview.com/4#inet#fw4#vpn_domains
nftset=/cloudflareresolve.com/4#inet#fw4#vpn_domains
nftset=/cloudflaressl.com/4#inet#fw4#vpn_domains
nftset=/cloudflarestatus.com/4#inet#fw4#vpn_domains
nftset=/cloudflarestorage.com/4#inet#fw4#vpn_domains
nftset=/cloudflarestream.com/4#inet#fw4#vpn_domains
nftset=/cloudflaretest.com/4#inet#fw4#vpn_domains
nftset=/cloudflarewarp.com/4#inet#fw4#vpn_domains
nftset=/every1dns.net/4#inet#fw4#vpn_domains
nftset=/isbgpsafeyet.com/4#inet#fw4#vpn_domains
nftset=/one.one.one.one/4#inet#fw4#vpn_domains
nftset=/one.one.one/4#inet#fw4#vpn_domains
nftset=/pacloudflare.com/4#inet#fw4#vpn_domains
nftset=/pages.dev/4#inet#fw4#vpn_domains
nftset=/trycloudflare.com/4#inet#fw4#vpn_domains
nftset=/videodelivery.net/4#inet#fw4#vpn_domains
nftset=/warp.plus/4#inet#fw4#vpn_domains
nftset=/workers.dev/4#inet#fw4#vpn_domains
nftset=/usher.ttvnw.net/4#inet#fw4#vpn_domains
nftset=/microchip.com/4#inet#fw4#vpn_domains
nftset=/imglib.info/4#inet#fw4#vpn_domains
nftset=/jpg5.su/4#inet#fw4#vpn_domains